C:\ST\STM32CubeIDE_1.14.1\STM32CubeIDE\plugins\com.st.stm32cube.ide.mcu.externaltools.gnu-tools-for-stm32.11.3.rel1.win32_1.1.100.202309141235\tools\arm-none-eabi\include\c++\11.3.1\arm-none-eabi\thumb\v7e-m+fp\hard\bits\gthr-default.h:229:1:int __gthread_key_delete(__gthread_key_t)	16	static
../Core/Src/main.cpp:103:6:void HAL_TIM_PWM_PulseFinishedCallback(TIM_HandleTypeDef*)	16	static
../Core/Src/main.cpp:125:5:int main()	200	static
../Core/Src/main.cpp:224:6:void SystemClock_Config()	88	static
../Core/Src/main.cpp:270:13:void MX_I2C1_Init()	8	static
../Core/Src/main.cpp:304:13:void MX_I2C2_Init()	8	static
../Core/Src/main.cpp:338:13:void MX_SPI1_Init()	8	static
../Core/Src/main.cpp:376:13:void MX_TIM1_Init()	80	static
../Core/Src/main.cpp:453:13:void MX_TIM3_Init()	48	static
../Core/Src/main.cpp:512:13:void MX_DMA_Init()	16	static
../Core/Src/main.cpp:552:13:void MX_GPIO_Init()	48	static
../Core/Src/main.cpp:626:6:void Error_Handler()	4	static,ignoring_inline_asm
../Core/Src/main.cpp:635:1:void __static_initialization_and_destruction_0(int, int)	16	static
../Core/Src/main.cpp:635:1:cpp)	8	static
../Core/Src/main.cpp:635:1:cpp)	8	static
